
> backend@1.0.0 test
> jest

ts-jest[config] (WARN) 
    The "ts-jest" config option "isolatedModules" is deprecated and will be removed in v30.0.0. Please use "isolatedModules: true" in D:/proj/e-evkin-modern/backend/tsconfig.json instead, see https://www.typescriptlang.org/tsconfig/#isolatedModules
  
ts-jest[config] (WARN) 
    The "ts-jest" config option "isolatedModules" is deprecated and will be removed in v30.0.0. Please use "isolatedModules: true" in D:/proj/e-evkin-modern/backend/tsconfig.json instead, see https://www.typescriptlang.org/tsconfig/#isolatedModules
  
ts-jest[config] (WARN) 
    The "ts-jest" config option "isolatedModules" is deprecated and will be removed in v30.0.0. Please use "isolatedModules: true" in D:/proj/e-evkin-modern/backend/tsconfig.json instead, see https://www.typescriptlang.org/tsconfig/#isolatedModules
  
FAIL src/__tests__/routes/export.test.ts (38.752 s)
  ΓùÅ Console

    console.log
      Warning: Cannot polyfill `DOMMatrix`, rendering may be broken: "Error: The module '\\?\D:\proj\e-evkin-modern\node_modules\canvas\build\Release\canvas.node'
      was compiled against a different Node.js version using
      NODE_MODULE_VERSION 108. This version of Node.js requires
      NODE_MODULE_VERSION 137. Please try re-compiling or re-installing
      the module (for instance, using `npm rebuild` or `npm install`).".

      at log (node_modules/pdfjs-dist/legacy/build/webpack:/pdfjs-dist/build/pdf/src/shared/util.js:367:13)

    console.log
      Warning: Cannot polyfill `Path2D`, rendering may be broken: "Error: The module '\\?\D:\proj\e-evkin-modern\node_modules\canvas\build\Release\canvas.node'
      was compiled against a different Node.js version using
      NODE_MODULE_VERSION 108. This version of Node.js requires
      NODE_MODULE_VERSION 137. Please try re-compiling or re-installing
      the module (for instance, using `npm rebuild` or `npm install`).".

      at log (node_modules/pdfjs-dist/legacy/build/webpack:/pdfjs-dist/build/pdf/src/shared/util.js:367:13)

  ΓùÅ Export Routes Security Tests ΓÇ║ GET /api/export/laporan - Puskesmas Export ΓÇ║ should require bulan and tahun

    expect(received).toBe(expected) // Object.is equality

    Expected: 200
    Received: 404

      78 |
      79 |       // Should succeed with defaults (current year, no bulan filter)
    > 80 |       expect(response.status).toBe(200);
         |                               ^
      81 |       expect(response.headers['content-type']).toContain('spreadsheet');
      82 |     });
      83 |   });

      at Object.<anonymous> (src/__tests__/routes/export.test.ts:80:31)

  ΓùÅ Export Routes Security Tests ΓÇ║ GET /api/export/admin/laporan - Admin Export ΓÇ║ should require tahun parameter

    expect(received).toBe(expected) // Object.is equality

    Expected: 200
    Received: 404

      125 |
      126 |       // Should succeed with default tahun
    > 127 |       expect(response.status).toBe(200);
          |                               ^
      128 |       expect(response.headers['content-type']).toContain('spreadsheet');
      129 |     });
      130 |   });

      at Object.<anonymous> (src/__tests__/routes/export.test.ts:127:31)

FAIL src/__tests__/routes/admin.test.ts (39.193 s)
  ΓùÅ Console

    console.log
      Warning: Cannot polyfill `DOMMatrix`, rendering may be broken: "Error: The module '\\?\D:\proj\e-evkin-modern\node_modules\canvas\build\Release\canvas.node'
      was compiled against a different Node.js version using
      NODE_MODULE_VERSION 108. This version of Node.js requires
      NODE_MODULE_VERSION 137. Please try re-compiling or re-installing
      the module (for instance, using `npm rebuild` or `npm install`).".

      at log (node_modules/pdfjs-dist/legacy/build/webpack:/pdfjs-dist/build/pdf/src/shared/util.js:367:13)

    console.log
      Warning: Cannot polyfill `Path2D`, rendering may be broken: "Error: The module '\\?\D:\proj\e-evkin-modern\node_modules\canvas\build\Release\canvas.node'
      was compiled against a different Node.js version using
      NODE_MODULE_VERSION 108. This version of Node.js requires
      NODE_MODULE_VERSION 137. Please try re-compiling or re-installing
      the module (for instance, using `npm rebuild` or `npm install`).".

      at log (node_modules/pdfjs-dist/legacy/build/webpack:/pdfjs-dist/build/pdf/src/shared/util.js:367:13)

  ΓùÅ Admin Routes Security Tests ΓÇ║ PUT /api/admin/laporan/:id/verify - Verify Single Laporan ΓÇ║ should return 401 without token

    expect(received).toBe(expected) // Object.is equality

    Expected: 401
    Received: 404

      106 |         .send({ status: 'diverifikasi' });
      107 |       
    > 108 |       expect(response.status).toBe(401);
          |                               ^
      109 |     });
      110 |
      111 |     it('should return 403 for puskesmas user', async () => {

      at Object.<anonymous> (src/__tests__/routes/admin.test.ts:108:31)

  ΓùÅ Admin Routes Security Tests ΓÇ║ PUT /api/admin/laporan/:id/verify - Verify Single Laporan ΓÇ║ should return 403 for puskesmas user

    expect(received).toBe(expected) // Object.is equality

    Expected: 403
    Received: 404

      115 |         .send({ status: 'diverifikasi' });
      116 |
    > 117 |       expect(response.status).toBe(403);
          |                               ^
      118 |     });
      119 |
      120 |     it('should require valid status', async () => {

      at Object.<anonymous> (src/__tests__/routes/admin.test.ts:117:31)

  ΓùÅ Admin Routes Security Tests ΓÇ║ PUT /api/admin/laporan/:id/verify - Verify Single Laporan ΓÇ║ should require valid status

    expect(received).toBe(expected) // Object.is equality

    Expected: 400
    Received: 404

      124 |         .send({ status: 'invalid-status' });
      125 |
    > 126 |       expect(response.status).toBe(400);
          |                               ^
      127 |     });
      128 |   });
      129 |

      at Object.<anonymous> (src/__tests__/routes/admin.test.ts:126:31)

  ΓùÅ Admin Routes Security Tests ΓÇ║ POST /api/admin/laporan/bulk-verify - Bulk Verify ΓÇ║ should return 401 without token

    expect(received).toBe(expected) // Object.is equality

    Expected: 401
    Received: 404

      139 |         });
      140 |       
    > 141 |       expect(response.status).toBe(401);
          |                               ^
      142 |     });
      143 |
      144 |     it('should return 403 for puskesmas user', async () => {

      at Object.<anonymous> (src/__tests__/routes/admin.test.ts:141:31)

  ΓùÅ Admin Routes Security Tests ΓÇ║ POST /api/admin/laporan/bulk-verify - Bulk Verify ΓÇ║ should return 403 for puskesmas user

    expect(received).toBe(expected) // Object.is equality

    Expected: 403
    Received: 404

      153 |         });
      154 |
    > 155 |       expect(response.status).toBe(403);
          |                               ^
      156 |     });
      157 |
      158 |     it('should require all fields', async () => {

      at Object.<anonymous> (src/__tests__/routes/admin.test.ts:155:31)

  ΓùÅ Admin Routes Security Tests ΓÇ║ POST /api/admin/laporan/bulk-verify - Bulk Verify ΓÇ║ should require all fields

    expect(received).toBe(expected) // Object.is equality

    Expected: 400
    Received: 404

      165 |         });
      166 |
    > 167 |       expect(response.status).toBe(400);
          |                               ^
      168 |     });
      169 |   });
      170 | });

      at Object.<anonymous> (src/__tests__/routes/admin.test.ts:167:31)

FAIL src/__tests__/routes/laporan.test.ts (39.397 s)
  ΓùÅ Console

    console.log
      Warning: Cannot polyfill `DOMMatrix`, rendering may be broken: "Error: The module '\\?\D:\proj\e-evkin-modern\node_modules\canvas\build\Release\canvas.node'
      was compiled against a different Node.js version using
      NODE_MODULE_VERSION 108. This version of Node.js requires
      NODE_MODULE_VERSION 137. Please try re-compiling or re-installing
      the module (for instance, using `npm rebuild` or `npm install`).".

      at log (node_modules/pdfjs-dist/legacy/build/webpack:/pdfjs-dist/build/pdf/src/shared/util.js:367:13)

    console.log
      Warning: Cannot polyfill `Path2D`, rendering may be broken: "Error: The module '\\?\D:\proj\e-evkin-modern\node_modules\canvas\build\Release\canvas.node'
      was compiled against a different Node.js version using
      NODE_MODULE_VERSION 108. This version of Node.js requires
      NODE_MODULE_VERSION 137. Please try re-compiling or re-installing
      the module (for instance, using `npm rebuild` or `npm install`).".

      at log (node_modules/pdfjs-dist/legacy/build/webpack:/pdfjs-dist/build/pdf/src/shared/util.js:367:13)

    console.error
      Error fetching laporan: Error: 
          at Query.run (D:\proj\e-evkin-modern\node_modules\sequelize\src\dialects\postgres\query.js:76:25)
          at D:\proj\e-evkin-modern\node_modules\sequelize\src\sequelize.js:650:28
          at processTicksAndRejections (node:internal/process/task_queues:103:5)
          at PostgresQueryInterface.select (D:\proj\e-evkin-modern\node_modules\sequelize\src\dialects\abstract\query-interface.js:1001:12)
          at Laporan.findAll (D:\proj\e-evkin-modern\node_modules\sequelize\src\model.js:1824:21)
          at async Promise.all (index 1)
          at Laporan.findAndCountAll (D:\proj\e-evkin-modern\node_modules\sequelize\src\model.js:2183:27)
          at findAll (D:\proj\e-evkin-modern\backend\src\controllers\laporan.controller.ts:8:28) {
        name: 'SequelizeDatabaseError',
        parent: error: column "nan" does not exist
            at Parser.parseErrorMessage (D:\proj\e-evkin-modern\node_modules\pg-protocol\src\parser.ts:369:69)
            at Parser.handlePacket (D:\proj\e-evkin-modern\node_modules\pg-protocol\src\parser.ts:187:21)
            at Parser.parse (D:\proj\e-evkin-modern\node_modules\pg-protocol\src\parser.ts:102:30)
            at Socket.<anonymous> (D:\proj\e-evkin-modern\node_modules\pg-protocol\src\index.ts:7:48)
            at Socket.emit (node:events:508:28)
            at addChunk (node:internal/streams/readable:559:12)
            at readableAddChunkPushByteMode (node:internal/streams/readable:510:3)
            at Socket.Readable.push (node:internal/streams/readable:390:5)
            at TCP.onStreamRead (node:internal/stream_base_commons:189:23) {
          length: 105,
          severity: 'ERROR',
          code: '42703',
          detail: undefined,
          hint: undefined,
          position: '2073',
          internalPosition: undefined,
          internalQuery: undefined,
          where: undefined,
          schema: undefined,
          table: undefined,
          column: undefined,
          dataType: undefined,
          constraint: undefined,
          file: 'parse_relation.c',
          line: '3721',
          routine: 'errorMissingColumn',
          sql: `SELECT "Laporan"."id", "Laporan"."user_id", "Laporan"."bulan", "Laporan"."tahun", "Laporan"."id_kegiatan", "Laporan"."id_sub_kegiatan", "Laporan"."id_sumber_anggaran", "Laporan"."id_satuan", "Laporan"."target_k", "Laporan"."angkas", "Laporan"."target_rp", "Laporan"."target_angkas", "Laporan"."realisasi_k", "Laporan"."realisasi_rp", "Laporan"."realisasi_fisik", "Laporan"."permasalahan", "Laporan"."upaya", "Laporan"."status", "Laporan"."catatan", "Laporan"."verified_by", "Laporan"."verified_at", "Laporan"."created_at" AS "createdAt", "Laporan"."updated_at" AS "updatedAt", "user"."id" AS "user.id", "user"."username" AS "user.username", "user"."nama" AS "user.nama", "user"."nama_puskesmas" AS "user.nama_puskesmas", "sumberAnggaran"."id_sumber" AS "sumberAnggaran.id_sumber", "sumberAnggaran"."sumber" AS "sumberAnggaran.sumber", "satuan"."id_satuan" AS "satuan.id_satuan", "satuan"."satuannya" AS "satuan.satuannya", "subKegiatan"."id_sub_kegiatan" AS "subKegiatan.id_sub_kegiatan", "subKegiatan"."kode_sub" AS "subKegiatan.kode_sub", "subKegiatan"."kegiatan" AS "subKegiatan.kegiatan", "subKegiatan"."indikator_kinerja" AS "subKegiatan.indikator_kinerja", "subKegiatan->kegiatanParent"."id_kegiatan" AS "subKegiatan.kegiatanParent.id_kegiatan", "subKegiatan->kegiatanParent"."kode" AS "subKegiatan.kegiatanParent.kode", "subKegiatan->kegiatanParent"."kegiatan" AS "subKegiatan.kegiatanParent.kegiatan" FROM "laporan" AS "Laporan" LEFT OUTER JOIN "users" AS "user" ON "Laporan"."user_id" = "user"."id" LEFT OUTER JOIN "sumber_anggaran" AS "sumberAnggaran" ON "Laporan"."id_sumber_anggaran" = "sumberAnggaran"."id_sumber" LEFT OUTER JOIN "satuan" AS "satuan" ON "Laporan"."id_satuan" = "satuan"."id_satuan" LEFT OUTER JOIN "sub_kegiatan" AS "subKegiatan" ON "Laporan"."id_sub_kegiatan" = "subKegiatan"."id_sub_kegiatan" LEFT OUTER JOIN "kegiatan" AS "subKegiatan->kegiatanParent" ON "subKegiatan"."id_kegiatan" = "subKegiatan->kegiatanParent"."id_kegiatan" WHERE "Laporan"."user_id" = 'bbf904e4-2ab0-4a83-9ac8-461d406c4961' ORDER BY "createdAt" DESC LIMIT NaN OFFSET NaN;`,
          parameters: undefined
        },
        original: error: column "nan" does not exist
            at Parser.parseErrorMessage (D:\proj\e-evkin-modern\node_modules\pg-protocol\src\parser.ts:369:69)
            at Parser.handlePacket (D:\proj\e-evkin-modern\node_modules\pg-protocol\src\parser.ts:187:21)
            at Parser.parse (D:\proj\e-evkin-modern\node_modules\pg-protocol\src\parser.ts:102:30)
            at Socket.<anonymous> (D:\proj\e-evkin-modern\node_modules\pg-protocol\src\index.ts:7:48)
            at Socket.emit (node:events:508:28)
            at addChunk (node:internal/streams/readable:559:12)
            at readableAddChunkPushByteMode (node:internal/streams/readable:510:3)
            at Socket.Readable.push (node:internal/streams/readable:390:5)
            at TCP.onStreamRead (node:internal/stream_base_commons:189:23) {
          length: 105,
          severity: 'ERROR',
          code: '42703',
          detail: undefined,
          hint: undefined,
          position: '2073',
          internalPosition: undefined,
          internalQuery: undefined,
          where: undefined,
          schema: undefined,
          table: undefined,
          column: undefined,
          dataType: undefined,
          constraint: undefined,
          file: 'parse_relation.c',
          line: '3721',
          routine: 'errorMissingColumn',
          sql: `SELECT "Laporan"."id", "Laporan"."user_id", "Laporan"."bulan", "Laporan"."tahun", "Laporan"."id_kegiatan", "Laporan"."id_sub_kegiatan", "Laporan"."id_sumber_anggaran", "Laporan"."id_satuan", "Laporan"."target_k", "Laporan"."angkas", "Laporan"."target_rp", "Laporan"."target_angkas", "Laporan"."realisasi_k", "Laporan"."realisasi_rp", "Laporan"."realisasi_fisik", "Laporan"."permasalahan", "Laporan"."upaya", "Laporan"."status", "Laporan"."catatan", "Laporan"."verified_by", "Laporan"."verified_at", "Laporan"."created_at" AS "createdAt", "Laporan"."updated_at" AS "updatedAt", "user"."id" AS "user.id", "user"."username" AS "user.username", "user"."nama" AS "user.nama", "user"."nama_puskesmas" AS "user.nama_puskesmas", "sumberAnggaran"."id_sumber" AS "sumberAnggaran.id_sumber", "sumberAnggaran"."sumber" AS "sumberAnggaran.sumber", "satuan"."id_satuan" AS "satuan.id_satuan", "satuan"."satuannya" AS "satuan.satuannya", "subKegiatan"."id_sub_kegiatan" AS "subKegiatan.id_sub_kegiatan", "subKegiatan"."kode_sub" AS "subKegiatan.kode_sub", "subKegiatan"."kegiatan" AS "subKegiatan.kegiatan", "subKegiatan"."indikator_kinerja" AS "subKegiatan.indikator_kinerja", "subKegiatan->kegiatanParent"."id_kegiatan" AS "subKegiatan.kegiatanParent.id_kegiatan", "subKegiatan->kegiatanParent"."kode" AS "subKegiatan.kegiatanParent.kode", "subKegiatan->kegiatanParent"."kegiatan" AS "subKegiatan.kegiatanParent.kegiatan" FROM "laporan" AS "Laporan" LEFT OUTER JOIN "users" AS "user" ON "Laporan"."user_id" = "user"."id" LEFT OUTER JOIN "sumber_anggaran" AS "sumberAnggaran" ON "Laporan"."id_sumber_anggaran" = "sumberAnggaran"."id_sumber" LEFT OUTER JOIN "satuan" AS "satuan" ON "Laporan"."id_satuan" = "satuan"."id_satuan" LEFT OUTER JOIN "sub_kegiatan" AS "subKegiatan" ON "Laporan"."id_sub_kegiatan" = "subKegiatan"."id_sub_kegiatan" LEFT OUTER JOIN "kegiatan" AS "subKegiatan->kegiatanParent" ON "subKegiatan"."id_kegiatan" = "subKegiatan->kegiatanParent"."id_kegiatan" WHERE "Laporan"."user_id" = 'bbf904e4-2ab0-4a83-9ac8-461d406c4961' ORDER BY "createdAt" DESC LIMIT NaN OFFSET NaN;`,
          parameters: undefined
        },
        sql: `SELECT "Laporan"."id", "Laporan"."user_id", "Laporan"."bulan", "Laporan"."tahun", "Laporan"."id_kegiatan", "Laporan"."id_sub_kegiatan", "Laporan"."id_sumber_anggaran", "Laporan"."id_satuan", "Laporan"."target_k", "Laporan"."angkas", "Laporan"."target_rp", "Laporan"."target_angkas", "Laporan"."realisasi_k", "Laporan"."realisasi_rp", "Laporan"."realisasi_fisik", "Laporan"."permasalahan", "Laporan"."upaya", "Laporan"."status", "Laporan"."catatan", "Laporan"."verified_by", "Laporan"."verified_at", "Laporan"."created_at" AS "createdAt", "Laporan"."updated_at" AS "updatedAt", "user"."id" AS "user.id", "user"."username" AS "user.username", "user"."nama" AS "user.nama", "user"."nama_puskesmas" AS "user.nama_puskesmas", "sumberAnggaran"."id_sumber" AS "sumberAnggaran.id_sumber", "sumberAnggaran"."sumber" AS "sumberAnggaran.sumber", "satuan"."id_satuan" AS "satuan.id_satuan", "satuan"."satuannya" AS "satuan.satuannya", "subKegiatan"."id_sub_kegiatan" AS "subKegiatan.id_sub_kegiatan", "subKegiatan"."kode_sub" AS "subKegiatan.kode_sub", "subKegiatan"."kegiatan" AS "subKegiatan.kegiatan", "subKegiatan"."indikator_kinerja" AS "subKegiatan.indikator_kinerja", "subKegiatan->kegiatanParent"."id_kegiatan" AS "subKegiatan.kegiatanParent.id_kegiatan", "subKegiatan->kegiatanParent"."kode" AS "subKegiatan.kegiatanParent.kode", "subKegiatan->kegiatanParent"."kegiatan" AS "subKegiatan.kegiatanParent.kegiatan" FROM "laporan" AS "Laporan" LEFT OUTER JOIN "users" AS "user" ON "Laporan"."user_id" = "user"."id" LEFT OUTER JOIN "sumber_anggaran" AS "sumberAnggaran" ON "Laporan"."id_sumber_anggaran" = "sumberAnggaran"."id_sumber" LEFT OUTER JOIN "satuan" AS "satuan" ON "Laporan"."id_satuan" = "satuan"."id_satuan" LEFT OUTER JOIN "sub_kegiatan" AS "subKegiatan" ON "Laporan"."id_sub_kegiatan" = "subKegiatan"."id_sub_kegiatan" LEFT OUTER JOIN "kegiatan" AS "subKegiatan->kegiatanParent" ON "subKegiatan"."id_kegiatan" = "subKegiatan->kegiatanParent"."id_kegiatan" WHERE "Laporan"."user_id" = 'bbf904e4-2ab0-4a83-9ac8-461d406c4961' ORDER BY "createdAt" DESC LIMIT NaN OFFSET NaN;`,
        parameters: {}
      }

      28 |             });
      29 |         } catch (error: any) {
    > 30 |             console.error('Error fetching laporan:', error);
         |                     ^
      31 |             res.status(500).json({ error: 'Failed to fetch laporan', message: error.message });
      32 |         }
      33 |     }

      at findAll (src/controllers/laporan.controller.ts:30:21)

    console.error
      Error fetching laporan: Error: 
          at Query.run (D:\proj\e-evkin-modern\node_modules\sequelize\src\dialects\postgres\query.js:76:25)
          at D:\proj\e-evkin-modern\node_modules\sequelize\src\sequelize.js:650:28
          at processTicksAndRejections (node:internal/process/task_queues:103:5)
          at PostgresQueryInterface.select (D:\proj\e-evkin-modern\node_modules\sequelize\src\dialects\abstract\query-interface.js:1001:12)
          at Laporan.findAll (D:\proj\e-evkin-modern\node_modules\sequelize\src\model.js:1824:21)
          at async Promise.all (index 1)
          at Laporan.findAndCountAll (D:\proj\e-evkin-modern\node_modules\sequelize\src\model.js:2183:27)
          at findAll (D:\proj\e-evkin-modern\backend\src\controllers\laporan.controller.ts:8:28) {
        name: 'SequelizeDatabaseError',
        parent: error: column "nan" does not exist
            at Parser.parseErrorMessage (D:\proj\e-evkin-modern\node_modules\pg-protocol\src\parser.ts:369:69)
            at Parser.handlePacket (D:\proj\e-evkin-modern\node_modules\pg-protocol\src\parser.ts:187:21)
            at Parser.parse (D:\proj\e-evkin-modern\node_modules\pg-protocol\src\parser.ts:102:30)
            at Socket.<anonymous> (D:\proj\e-evkin-modern\node_modules\pg-protocol\src\index.ts:7:48)
            at Socket.emit (node:events:508:28)
            at addChunk (node:internal/streams/readable:559:12)
            at readableAddChunkPushByteMode (node:internal/streams/readable:510:3)
            at Socket.Readable.push (node:internal/streams/readable:390:5)
            at TCP.onStreamRead (node:internal/stream_base_commons:189:23) {
          length: 105,
          severity: 'ERROR',
          code: '42703',
          detail: undefined,
          hint: undefined,
          position: '2073',
          internalPosition: undefined,
          internalQuery: undefined,
          where: undefined,
          schema: undefined,
          table: undefined,
          column: undefined,
          dataType: undefined,
          constraint: undefined,
          file: 'parse_relation.c',
          line: '3721',
          routine: 'errorMissingColumn',
          sql: `SELECT "Laporan"."id", "Laporan"."user_id", "Laporan"."bulan", "Laporan"."tahun", "Laporan"."id_kegiatan", "Laporan"."id_sub_kegiatan", "Laporan"."id_sumber_anggaran", "Laporan"."id_satuan", "Laporan"."target_k", "Laporan"."angkas", "Laporan"."target_rp", "Laporan"."target_angkas", "Laporan"."realisasi_k", "Laporan"."realisasi_rp", "Laporan"."realisasi_fisik", "Laporan"."permasalahan", "Laporan"."upaya", "Laporan"."status", "Laporan"."catatan", "Laporan"."verified_by", "Laporan"."verified_at", "Laporan"."created_at" AS "createdAt", "Laporan"."updated_at" AS "updatedAt", "user"."id" AS "user.id", "user"."username" AS "user.username", "user"."nama" AS "user.nama", "user"."nama_puskesmas" AS "user.nama_puskesmas", "sumberAnggaran"."id_sumber" AS "sumberAnggaran.id_sumber", "sumberAnggaran"."sumber" AS "sumberAnggaran.sumber", "satuan"."id_satuan" AS "satuan.id_satuan", "satuan"."satuannya" AS "satuan.satuannya", "subKegiatan"."id_sub_kegiatan" AS "subKegiatan.id_sub_kegiatan", "subKegiatan"."kode_sub" AS "subKegiatan.kode_sub", "subKegiatan"."kegiatan" AS "subKegiatan.kegiatan", "subKegiatan"."indikator_kinerja" AS "subKegiatan.indikator_kinerja", "subKegiatan->kegiatanParent"."id_kegiatan" AS "subKegiatan.kegiatanParent.id_kegiatan", "subKegiatan->kegiatanParent"."kode" AS "subKegiatan.kegiatanParent.kode", "subKegiatan->kegiatanParent"."kegiatan" AS "subKegiatan.kegiatanParent.kegiatan" FROM "laporan" AS "Laporan" LEFT OUTER JOIN "users" AS "user" ON "Laporan"."user_id" = "user"."id" LEFT OUTER JOIN "sumber_anggaran" AS "sumberAnggaran" ON "Laporan"."id_sumber_anggaran" = "sumberAnggaran"."id_sumber" LEFT OUTER JOIN "satuan" AS "satuan" ON "Laporan"."id_satuan" = "satuan"."id_satuan" LEFT OUTER JOIN "sub_kegiatan" AS "subKegiatan" ON "Laporan"."id_sub_kegiatan" = "subKegiatan"."id_sub_kegiatan" LEFT OUTER JOIN "kegiatan" AS "subKegiatan->kegiatanParent" ON "subKegiatan"."id_kegiatan" = "subKegiatan->kegiatanParent"."id_kegiatan" WHERE "Laporan"."user_id" = '139fc776-d1a2-4ad9-8ca8-6a20fb8107c8' ORDER BY "createdAt" DESC LIMIT NaN OFFSET NaN;`,
          parameters: undefined
        },
        original: error: column "nan" does not exist
            at Parser.parseErrorMessage (D:\proj\e-evkin-modern\node_modules\pg-protocol\src\parser.ts:369:69)
            at Parser.handlePacket (D:\proj\e-evkin-modern\node_modules\pg-protocol\src\parser.ts:187:21)
            at Parser.parse (D:\proj\e-evkin-modern\node_modules\pg-protocol\src\parser.ts:102:30)
            at Socket.<anonymous> (D:\proj\e-evkin-modern\node_modules\pg-protocol\src\index.ts:7:48)
            at Socket.emit (node:events:508:28)
            at addChunk (node:internal/streams/readable:559:12)
            at readableAddChunkPushByteMode (node:internal/streams/readable:510:3)
            at Socket.Readable.push (node:internal/streams/readable:390:5)
            at TCP.onStreamRead (node:internal/stream_base_commons:189:23) {
          length: 105,
          severity: 'ERROR',
          code: '42703',
          detail: undefined,
          hint: undefined,
          position: '2073',
          internalPosition: undefined,
          internalQuery: undefined,
          where: undefined,
          schema: undefined,
          table: undefined,
          column: undefined,
          dataType: undefined,
          constraint: undefined,
          file: 'parse_relation.c',
          line: '3721',
          routine: 'errorMissingColumn',
          sql: `SELECT "Laporan"."id", "Laporan"."user_id", "Laporan"."bulan", "Laporan"."tahun", "Laporan"."id_kegiatan", "Laporan"."id_sub_kegiatan", "Laporan"."id_sumber_anggaran", "Laporan"."id_satuan", "Laporan"."target_k", "Laporan"."angkas", "Laporan"."target_rp", "Laporan"."target_angkas", "Laporan"."realisasi_k", "Laporan"."realisasi_rp", "Laporan"."realisasi_fisik", "Laporan"."permasalahan", "Laporan"."upaya", "Laporan"."status", "Laporan"."catatan", "Laporan"."verified_by", "Laporan"."verified_at", "Laporan"."created_at" AS "createdAt", "Laporan"."updated_at" AS "updatedAt", "user"."id" AS "user.id", "user"."username" AS "user.username", "user"."nama" AS "user.nama", "user"."nama_puskesmas" AS "user.nama_puskesmas", "sumberAnggaran"."id_sumber" AS "sumberAnggaran.id_sumber", "sumberAnggaran"."sumber" AS "sumberAnggaran.sumber", "satuan"."id_satuan" AS "satuan.id_satuan", "satuan"."satuannya" AS "satuan.satuannya", "subKegiatan"."id_sub_kegiatan" AS "subKegiatan.id_sub_kegiatan", "subKegiatan"."kode_sub" AS "subKegiatan.kode_sub", "subKegiatan"."kegiatan" AS "subKegiatan.kegiatan", "subKegiatan"."indikator_kinerja" AS "subKegiatan.indikator_kinerja", "subKegiatan->kegiatanParent"."id_kegiatan" AS "subKegiatan.kegiatanParent.id_kegiatan", "subKegiatan->kegiatanParent"."kode" AS "subKegiatan.kegiatanParent.kode", "subKegiatan->kegiatanParent"."kegiatan" AS "subKegiatan.kegiatanParent.kegiatan" FROM "laporan" AS "Laporan" LEFT OUTER JOIN "users" AS "user" ON "Laporan"."user_id" = "user"."id" LEFT OUTER JOIN "sumber_anggaran" AS "sumberAnggaran" ON "Laporan"."id_sumber_anggaran" = "sumberAnggaran"."id_sumber" LEFT OUTER JOIN "satuan" AS "satuan" ON "Laporan"."id_satuan" = "satuan"."id_satuan" LEFT OUTER JOIN "sub_kegiatan" AS "subKegiatan" ON "Laporan"."id_sub_kegiatan" = "subKegiatan"."id_sub_kegiatan" LEFT OUTER JOIN "kegiatan" AS "subKegiatan->kegiatanParent" ON "subKegiatan"."id_kegiatan" = "subKegiatan->kegiatanParent"."id_kegiatan" WHERE "Laporan"."user_id" = '139fc776-d1a2-4ad9-8ca8-6a20fb8107c8' ORDER BY "createdAt" DESC LIMIT NaN OFFSET NaN;`,
          parameters: undefined
        },
        sql: `SELECT "Laporan"."id", "Laporan"."user_id", "Laporan"."bulan", "Laporan"."tahun", "Laporan"."id_kegiatan", "Laporan"."id_sub_kegiatan", "Laporan"."id_sumber_anggaran", "Laporan"."id_satuan", "Laporan"."target_k", "Laporan"."angkas", "Laporan"."target_rp", "Laporan"."target_angkas", "Laporan"."realisasi_k", "Laporan"."realisasi_rp", "Laporan"."realisasi_fisik", "Laporan"."permasalahan", "Laporan"."upaya", "Laporan"."status", "Laporan"."catatan", "Laporan"."verified_by", "Laporan"."verified_at", "Laporan"."created_at" AS "createdAt", "Laporan"."updated_at" AS "updatedAt", "user"."id" AS "user.id", "user"."username" AS "user.username", "user"."nama" AS "user.nama", "user"."nama_puskesmas" AS "user.nama_puskesmas", "sumberAnggaran"."id_sumber" AS "sumberAnggaran.id_sumber", "sumberAnggaran"."sumber" AS "sumberAnggaran.sumber", "satuan"."id_satuan" AS "satuan.id_satuan", "satuan"."satuannya" AS "satuan.satuannya", "subKegiatan"."id_sub_kegiatan" AS "subKegiatan.id_sub_kegiatan", "subKegiatan"."kode_sub" AS "subKegiatan.kode_sub", "subKegiatan"."kegiatan" AS "subKegiatan.kegiatan", "subKegiatan"."indikator_kinerja" AS "subKegiatan.indikator_kinerja", "subKegiatan->kegiatanParent"."id_kegiatan" AS "subKegiatan.kegiatanParent.id_kegiatan", "subKegiatan->kegiatanParent"."kode" AS "subKegiatan.kegiatanParent.kode", "subKegiatan->kegiatanParent"."kegiatan" AS "subKegiatan.kegiatanParent.kegiatan" FROM "laporan" AS "Laporan" LEFT OUTER JOIN "users" AS "user" ON "Laporan"."user_id" = "user"."id" LEFT OUTER JOIN "sumber_anggaran" AS "sumberAnggaran" ON "Laporan"."id_sumber_anggaran" = "sumberAnggaran"."id_sumber" LEFT OUTER JOIN "satuan" AS "satuan" ON "Laporan"."id_satuan" = "satuan"."id_satuan" LEFT OUTER JOIN "sub_kegiatan" AS "subKegiatan" ON "Laporan"."id_sub_kegiatan" = "subKegiatan"."id_sub_kegiatan" LEFT OUTER JOIN "kegiatan" AS "subKegiatan->kegiatanParent" ON "subKegiatan"."id_kegiatan" = "subKegiatan->kegiatanParent"."id_kegiatan" WHERE "Laporan"."user_id" = '139fc776-d1a2-4ad9-8ca8-6a20fb8107c8' ORDER BY "createdAt" DESC LIMIT NaN OFFSET NaN;`,
        parameters: {}
      }

      28 |             });
      29 |         } catch (error: any) {
    > 30 |             console.error('Error fetching laporan:', error);
         |                     ^
      31 |             res.status(500).json({ error: 'Failed to fetch laporan', message: error.message });
      32 |         }
      33 |     }

      at findAll (src/controllers/laporan.controller.ts:30:21)

    console.error
      Error fetching laporan: Error: 
          at Query.run (D:\proj\e-evkin-modern\node_modules\sequelize\src\dialects\postgres\query.js:76:25)
          at D:\proj\e-evkin-modern\node_modules\sequelize\src\sequelize.js:650:28
          at processTicksAndRejections (node:internal/process/task_queues:103:5)
          at PostgresQueryInterface.select (D:\proj\e-evkin-modern\node_modules\sequelize\src\dialects\abstract\query-interface.js:1001:12)
          at Laporan.findAll (D:\proj\e-evkin-modern\node_modules\sequelize\src\model.js:1824:21)
          at async Promise.all (index 1)
          at Laporan.findAndCountAll (D:\proj\e-evkin-modern\node_modules\sequelize\src\model.js:2183:27)
          at findAll (D:\proj\e-evkin-modern\backend\src\controllers\laporan.controller.ts:8:28) {
        name: 'SequelizeDatabaseError',
        parent: error: column "nan" does not exist
            at Parser.parseErrorMessage (D:\proj\e-evkin-modern\node_modules\pg-protocol\src\parser.ts:369:69)
            at Parser.handlePacket (D:\proj\e-evkin-modern\node_modules\pg-protocol\src\parser.ts:187:21)
            at Parser.parse (D:\proj\e-evkin-modern\node_modules\pg-protocol\src\parser.ts:102:30)
            at Socket.<anonymous> (D:\proj\e-evkin-modern\node_modules\pg-protocol\src\index.ts:7:48)
            at Socket.emit (node:events:508:28)
            at addChunk (node:internal/streams/readable:559:12)
            at readableAddChunkPushByteMode (node:internal/streams/readable:510:3)
            at Socket.Readable.push (node:internal/streams/readable:390:5)
            at TCP.onStreamRead (node:internal/stream_base_commons:189:23) {
          length: 105,
          severity: 'ERROR',
          code: '42703',
          detail: undefined,
          hint: undefined,
          position: '2073',
          internalPosition: undefined,
          internalQuery: undefined,
          where: undefined,
          schema: undefined,
          table: undefined,
          column: undefined,
          dataType: undefined,
          constraint: undefined,
          file: 'parse_relation.c',
          line: '3721',
          routine: 'errorMissingColumn',
          sql: `SELECT "Laporan"."id", "Laporan"."user_id", "Laporan"."bulan", "Laporan"."tahun", "Laporan"."id_kegiatan", "Laporan"."id_sub_kegiatan", "Laporan"."id_sumber_anggaran", "Laporan"."id_satuan", "Laporan"."target_k", "Laporan"."angkas", "Laporan"."target_rp", "Laporan"."target_angkas", "Laporan"."realisasi_k", "Laporan"."realisasi_rp", "Laporan"."realisasi_fisik", "Laporan"."permasalahan", "Laporan"."upaya", "Laporan"."status", "Laporan"."catatan", "Laporan"."verified_by", "Laporan"."verified_at", "Laporan"."created_at" AS "createdAt", "Laporan"."updated_at" AS "updatedAt", "user"."id" AS "user.id", "user"."username" AS "user.username", "user"."nama" AS "user.nama", "user"."nama_puskesmas" AS "user.nama_puskesmas", "sumberAnggaran"."id_sumber" AS "sumberAnggaran.id_sumber", "sumberAnggaran"."sumber" AS "sumberAnggaran.sumber", "satuan"."id_satuan" AS "satuan.id_satuan", "satuan"."satuannya" AS "satuan.satuannya", "subKegiatan"."id_sub_kegiatan" AS "subKegiatan.id_sub_kegiatan", "subKegiatan"."kode_sub" AS "subKegiatan.kode_sub", "subKegiatan"."kegiatan" AS "subKegiatan.kegiatan", "subKegiatan"."indikator_kinerja" AS "subKegiatan.indikator_kinerja", "subKegiatan->kegiatanParent"."id_kegiatan" AS "subKegiatan.kegiatanParent.id_kegiatan", "subKegiatan->kegiatanParent"."kode" AS "subKegiatan.kegiatanParent.kode", "subKegiatan->kegiatanParent"."kegiatan" AS "subKegiatan.kegiatanParent.kegiatan" FROM "laporan" AS "Laporan" LEFT OUTER JOIN "users" AS "user" ON "Laporan"."user_id" = "user"."id" LEFT OUTER JOIN "sumber_anggaran" AS "sumberAnggaran" ON "Laporan"."id_sumber_anggaran" = "sumberAnggaran"."id_sumber" LEFT OUTER JOIN "satuan" AS "satuan" ON "Laporan"."id_satuan" = "satuan"."id_satuan" LEFT OUTER JOIN "sub_kegiatan" AS "subKegiatan" ON "Laporan"."id_sub_kegiatan" = "subKegiatan"."id_sub_kegiatan" LEFT OUTER JOIN "kegiatan" AS "subKegiatan->kegiatanParent" ON "subKegiatan"."id_kegiatan" = "subKegiatan->kegiatanParent"."id_kegiatan" WHERE "Laporan"."user_id" = 'bbf904e4-2ab0-4a83-9ac8-461d406c4961' ORDER BY "createdAt" DESC LIMIT NaN OFFSET NaN;`,
          parameters: undefined
        },
        original: error: column "nan" does not exist
            at Parser.parseErrorMessage (D:\proj\e-evkin-modern\node_modules\pg-protocol\src\parser.ts:369:69)
            at Parser.handlePacket (D:\proj\e-evkin-modern\node_modules\pg-protocol\src\parser.ts:187:21)
            at Parser.parse (D:\proj\e-evkin-modern\node_modules\pg-protocol\src\parser.ts:102:30)
            at Socket.<anonymous> (D:\proj\e-evkin-modern\node_modules\pg-protocol\src\index.ts:7:48)
            at Socket.emit (node:events:508:28)
            at addChunk (node:internal/streams/readable:559:12)
            at readableAddChunkPushByteMode (node:internal/streams/readable:510:3)
            at Socket.Readable.push (node:internal/streams/readable:390:5)
            at TCP.onStreamRead (node:internal/stream_base_commons:189:23) {
          length: 105,
          severity: 'ERROR',
          code: '42703',
          detail: undefined,
          hint: undefined,
          position: '2073',
          internalPosition: undefined,
          internalQuery: undefined,
          where: undefined,
          schema: undefined,
          table: undefined,
          column: undefined,
          dataType: undefined,
          constraint: undefined,
          file: 'parse_relation.c',
          line: '3721',
          routine: 'errorMissingColumn',
          sql: `SELECT "Laporan"."id", "Laporan"."user_id", "Laporan"."bulan", "Laporan"."tahun", "Laporan"."id_kegiatan", "Laporan"."id_sub_kegiatan", "Laporan"."id_sumber_anggaran", "Laporan"."id_satuan", "Laporan"."target_k", "Laporan"."angkas", "Laporan"."target_rp", "Laporan"."target_angkas", "Laporan"."realisasi_k", "Laporan"."realisasi_rp", "Laporan"."realisasi_fisik", "Laporan"."permasalahan", "Laporan"."upaya", "Laporan"."status", "Laporan"."catatan", "Laporan"."verified_by", "Laporan"."verified_at", "Laporan"."created_at" AS "createdAt", "Laporan"."updated_at" AS "updatedAt", "user"."id" AS "user.id", "user"."username" AS "user.username", "user"."nama" AS "user.nama", "user"."nama_puskesmas" AS "user.nama_puskesmas", "sumberAnggaran"."id_sumber" AS "sumberAnggaran.id_sumber", "sumberAnggaran"."sumber" AS "sumberAnggaran.sumber", "satuan"."id_satuan" AS "satuan.id_satuan", "satuan"."satuannya" AS "satuan.satuannya", "subKegiatan"."id_sub_kegiatan" AS "subKegiatan.id_sub_kegiatan", "subKegiatan"."kode_sub" AS "subKegiatan.kode_sub", "subKegiatan"."kegiatan" AS "subKegiatan.kegiatan", "subKegiatan"."indikator_kinerja" AS "subKegiatan.indikator_kinerja", "subKegiatan->kegiatanParent"."id_kegiatan" AS "subKegiatan.kegiatanParent.id_kegiatan", "subKegiatan->kegiatanParent"."kode" AS "subKegiatan.kegiatanParent.kode", "subKegiatan->kegiatanParent"."kegiatan" AS "subKegiatan.kegiatanParent.kegiatan" FROM "laporan" AS "Laporan" LEFT OUTER JOIN "users" AS "user" ON "Laporan"."user_id" = "user"."id" LEFT OUTER JOIN "sumber_anggaran" AS "sumberAnggaran" ON "Laporan"."id_sumber_anggaran" = "sumberAnggaran"."id_sumber" LEFT OUTER JOIN "satuan" AS "satuan" ON "Laporan"."id_satuan" = "satuan"."id_satuan" LEFT OUTER JOIN "sub_kegiatan" AS "subKegiatan" ON "Laporan"."id_sub_kegiatan" = "subKegiatan"."id_sub_kegiatan" LEFT OUTER JOIN "kegiatan" AS "subKegiatan->kegiatanParent" ON "subKegiatan"."id_kegiatan" = "subKegiatan->kegiatanParent"."id_kegiatan" WHERE "Laporan"."user_id" = 'bbf904e4-2ab0-4a83-9ac8-461d406c4961' ORDER BY "createdAt" DESC LIMIT NaN OFFSET NaN;`,
          parameters: undefined
        },
        sql: `SELECT "Laporan"."id", "Laporan"."user_id", "Laporan"."bulan", "Laporan"."tahun", "Laporan"."id_kegiatan", "Laporan"."id_sub_kegiatan", "Laporan"."id_sumber_anggaran", "Laporan"."id_satuan", "Laporan"."target_k", "Laporan"."angkas", "Laporan"."target_rp", "Laporan"."target_angkas", "Laporan"."realisasi_k", "Laporan"."realisasi_rp", "Laporan"."realisasi_fisik", "Laporan"."permasalahan", "Laporan"."upaya", "Laporan"."status", "Laporan"."catatan", "Laporan"."verified_by", "Laporan"."verified_at", "Laporan"."created_at" AS "createdAt", "Laporan"."updated_at" AS "updatedAt", "user"."id" AS "user.id", "user"."username" AS "user.username", "user"."nama" AS "user.nama", "user"."nama_puskesmas" AS "user.nama_puskesmas", "sumberAnggaran"."id_sumber" AS "sumberAnggaran.id_sumber", "sumberAnggaran"."sumber" AS "sumberAnggaran.sumber", "satuan"."id_satuan" AS "satuan.id_satuan", "satuan"."satuannya" AS "satuan.satuannya", "subKegiatan"."id_sub_kegiatan" AS "subKegiatan.id_sub_kegiatan", "subKegiatan"."kode_sub" AS "subKegiatan.kode_sub", "subKegiatan"."kegiatan" AS "subKegiatan.kegiatan", "subKegiatan"."indikator_kinerja" AS "subKegiatan.indikator_kinerja", "subKegiatan->kegiatanParent"."id_kegiatan" AS "subKegiatan.kegiatanParent.id_kegiatan", "subKegiatan->kegiatanParent"."kode" AS "subKegiatan.kegiatanParent.kode", "subKegiatan->kegiatanParent"."kegiatan" AS "subKegiatan.kegiatanParent.kegiatan" FROM "laporan" AS "Laporan" LEFT OUTER JOIN "users" AS "user" ON "Laporan"."user_id" = "user"."id" LEFT OUTER JOIN "sumber_anggaran" AS "sumberAnggaran" ON "Laporan"."id_sumber_anggaran" = "sumberAnggaran"."id_sumber" LEFT OUTER JOIN "satuan" AS "satuan" ON "Laporan"."id_satuan" = "satuan"."id_satuan" LEFT OUTER JOIN "sub_kegiatan" AS "subKegiatan" ON "Laporan"."id_sub_kegiatan" = "subKegiatan"."id_sub_kegiatan" LEFT OUTER JOIN "kegiatan" AS "subKegiatan->kegiatanParent" ON "subKegiatan"."id_kegiatan" = "subKegiatan->kegiatanParent"."id_kegiatan" WHERE "Laporan"."user_id" = 'bbf904e4-2ab0-4a83-9ac8-461d406c4961' ORDER BY "createdAt" DESC LIMIT NaN OFFSET NaN;`,
        parameters: {}
      }

      28 |             });
      29 |         } catch (error: any) {
    > 30 |             console.error('Error fetching laporan:', error);
         |                     ^
      31 |             res.status(500).json({ error: 'Failed to fetch laporan', message: error.message });
      32 |         }
      33 |     }

      at findAll (src/controllers/laporan.controller.ts:30:21)

  ΓùÅ Laporan Routes Security Tests ΓÇ║ GET /api/laporan - List Laporan ΓÇ║ should return only own laporan for puskesmas user

    expect(received).toBe(expected) // Object.is equality

    Expected: 200
    Received: 500

      119 |         .set('Authorization', `Bearer ${puskesmasToken}`);
      120 |
    > 121 |       expect(response.status).toBe(200);
          |                               ^
      122 |       expect(response.body.data).toBeDefined();
      123 |       
      124 |       // All laporan should belong to the authenticated user

      at Object.<anonymous> (src/__tests__/routes/laporan.test.ts:121:31)

  ΓùÅ Laporan Routes Security Tests ΓÇ║ GET /api/laporan - List Laporan ΓÇ║ should allow admin to see all laporan

    expect(received).toBe(expected) // Object.is equality

    Expected: 200
    Received: 500

      133 |         .set('Authorization', `Bearer ${adminToken}`);
      134 |
    > 135 |       expect(response.status).toBe(200);
          |                               ^
      136 |       expect(response.body.data).toBeDefined();
      137 |     });
      138 |

      at Object.<anonymous> (src/__tests__/routes/laporan.test.ts:135:31)

  ΓùÅ Laporan Routes Security Tests ΓÇ║ GET /api/laporan - List Laporan ΓÇ║ should filter by user_id for admin

    expect(received).toBe(expected) // Object.is equality

    Expected: 200
    Received: 500

      142 |         .set('Authorization', `Bearer ${adminToken}`);
      143 |
    > 144 |       expect(response.status).toBe(200);
          |                               ^
      145 |       response.body.data.forEach((laporan: any) => {
      146 |         expect(laporan.user_id).toBe(puskesmasUser.id);
      147 |       });

      at Object.<anonymous> (src/__tests__/routes/laporan.test.ts:144:31)

  ΓùÅ Laporan Routes Security Tests ΓÇ║ PUT /api/laporan/:id - Update Laporan ΓÇ║ should allow admin to update any laporan

    expect(received).toBe(expected) // Object.is equality

    Expected: 200
    Received: 400

      282 |         .send({ target_k: 777 });
      283 |
    > 284 |       expect(response.status).toBe(200);
          |                               ^
      285 |     });
      286 |   });
      287 |

      at Object.<anonymous> (src/__tests__/routes/laporan.test.ts:284:31)

  ΓùÅ Laporan Routes Security Tests ΓÇ║ Validation Tests - Realisasi vs Target ΓÇ║ POST /api/laporan/bulk-upsert - Validation ΓÇ║ should reject if realisasi_rp exceeds target_rp

    expect(received).toBeGreaterThan(expected)

    Expected: > 0
    Received:   0

      483 |
      484 |         expect(response.status).toBe(200);
    > 485 |         expect(response.body.results.skipped).toBeGreaterThan(0);
          |                                               ^
      486 |         expect(response.body.results.errors.length).toBeGreaterThan(0);
      487 |         expect(response.body.results.errors[0]).toContain('melebihi target');
      488 |       });

      at Object.<anonymous> (src/__tests__/routes/laporan.test.ts:485:47)

  ΓùÅ Laporan Routes Security Tests ΓÇ║ Validation Tests - Realisasi vs Target ΓÇ║ POST /api/laporan/bulk-upsert - Validation ΓÇ║ should accept valid realisasi within target limits

    expect(received).toBeGreaterThanOrEqual(expected)

    Expected: >= 1
    Received:    0

      537 |
      538 |         expect(response.status).toBe(200);
    > 539 |         expect(response.body.results.created + response.body.results.updated).toBeGreaterThanOrEqual(1);
          |                                                                               ^
      540 |         
      541 |         // Cleanup
      542 |         await Laporan.destroy({

      at Object.<anonymous> (src/__tests__/routes/laporan.test.ts:539:79)

  ΓùÅ Laporan Routes Security Tests ΓÇ║ Validation Tests - Realisasi vs Target ΓÇ║ PUT /api/laporan/:id - Validation ΓÇ║ should reject update if realisasi_k exceeds target

    expect(received).toBe(expected) // Object.is equality

    Expected: 400
    Received: 500

      640 |           });
      641 |
    > 642 |         expect(response.status).toBe(400);
          |                                 ^
      643 |         expect(response.body.error).toBe('Validation error');
      644 |       });
      645 |

      at Object.<anonymous> (src/__tests__/routes/laporan.test.ts:642:33)

  ΓùÅ Laporan Routes Security Tests ΓÇ║ Validation Tests - Realisasi vs Target ΓÇ║ PUT /api/laporan/:id - Validation ΓÇ║ should reject update if target not found

    expect(received).toBe(expected) // Object.is equality

    Expected: "Target belum diset"
    Received: "Validation error"

      654 |
      655 |         expect(response.status).toBe(400);
    > 656 |         expect(response.body.error).toBe('Target belum diset');
          |                                     ^
      657 |       });
      658 |     });
      659 |   });

      at Object.<anonymous> (src/__tests__/routes/laporan.test.ts:656:37)

PASS src/__tests__/routes/laporan-validation.test.ts
PASS src/__tests__/routes/masterdata.test.ts
  ΓùÅ Console

    console.log
      Warning: Cannot polyfill `DOMMatrix`, rendering may be broken: "Error: The module '\\?\D:\proj\e-evkin-modern\node_modules\canvas\build\Release\canvas.node'
      was compiled against a different Node.js version using
      NODE_MODULE_VERSION 108. This version of Node.js requires
      NODE_MODULE_VERSION 137. Please try re-compiling or re-installing
      the module (for instance, using `npm rebuild` or `npm install`).".

      at log (node_modules/pdfjs-dist/legacy/build/webpack:/pdfjs-dist/build/pdf/src/shared/util.js:367:13)

    console.log
      Warning: Cannot polyfill `Path2D`, rendering may be broken: "Error: The module '\\?\D:\proj\e-evkin-modern\node_modules\canvas\build\Release\canvas.node'
      was compiled against a different Node.js version using
      NODE_MODULE_VERSION 108. This version of Node.js requires
      NODE_MODULE_VERSION 137. Please try re-compiling or re-installing
      the module (for instance, using `npm rebuild` or `npm install`).".

      at log (node_modules/pdfjs-dist/legacy/build/webpack:/pdfjs-dist/build/pdf/src/shared/util.js:367:13)

    console.error
      ERROR ≡ƒÆÑ: Error: 
          at Query.run (D:\proj\e-evkin-modern\node_modules\sequelize\src\dialects\postgres\query.js:76:25)
          at D:\proj\e-evkin-modern\node_modules\sequelize\src\sequelize.js:650:28
          at processTicksAndRejections (node:internal/process/task_queues:103:5)
          at PostgresQueryInterface.insert (D:\proj\e-evkin-modern\node_modules\sequelize\src\dialects\abstract\query-interface.js:795:21)
          at Satuan.save (D:\proj\e-evkin-modern\node_modules\sequelize\src\model.js:4154:35)
          at Satuan.create (D:\proj\e-evkin-modern\node_modules\sequelize\src\model.js:2305:12)
          at D:\proj\e-evkin-modern\backend\src\routes\masterdata.routes.ts:53:20 {
        name: 'SequelizeUniqueConstraintError',
        errors: [
          ValidationErrorItem {
            message: 'id_satuan must be unique',
            type: 'unique violation',
            path: 'id_satuan',
            value: '19',
            origin: 'DB',
            instance: [Satuan],
            validatorKey: 'not_unique',
            validatorName: null,
            validatorArgs: []
          }
        ],
        parent: error: duplicate key value violates unique constraint "satuan_pkey"
            at Parser.parseErrorMessage (D:\proj\e-evkin-modern\node_modules\pg-protocol\src\parser.ts:369:69)
            at Parser.handlePacket (D:\proj\e-evkin-modern\node_modules\pg-protocol\src\parser.ts:187:21)
            at Parser.parse (D:\proj\e-evkin-modern\node_modules\pg-protocol\src\parser.ts:102:30)
            at Socket.<anonymous> (D:\proj\e-evkin-modern\node_modules\pg-protocol\src\index.ts:7:48)
            at Socket.emit (node:events:508:28)
            at addChunk (node:internal/streams/readable:559:12)
            at readableAddChunkPushByteMode (node:internal/streams/readable:510:3)
            at Socket.Readable.push (node:internal/streams/readable:390:5)
            at TCP.onStreamRead (node:internal/stream_base_commons:189:23) {
          length: 191,
          severity: 'ERROR',
          code: '23505',
          detail: 'Key (id_satuan)=(19) already exists.',
          hint: undefined,
          position: undefined,
          internalPosition: undefined,
          internalQuery: undefined,
          where: undefined,
          schema: 'public',
          table: 'satuan',
          column: undefined,
          dataType: undefined,
          constraint: 'satuan_pkey',
          file: 'nbtinsert.c',
          line: '673',
          routine: '_bt_check_unique',
          sql: 'INSERT INTO "satuan" ("id_satuan","satuannya","created_at","updated_at") VALUES (DEFAULT,$1,$2,$3) RETURNING "id_satuan","satuannya","created_at","updated_at";',
          parameters: [
            'Test Satuan 1767751315859',
            '2026-01-07 02:01:55.865 +00:00',
            '2026-01-07 02:01:55.865 +00:00'
          ]
        },
        original: error: duplicate key value violates unique constraint "satuan_pkey"
            at Parser.parseErrorMessage (D:\proj\e-evkin-modern\node_modules\pg-protocol\src\parser.ts:369:69)
            at Parser.handlePacket (D:\proj\e-evkin-modern\node_modules\pg-protocol\src\parser.ts:187:21)
            at Parser.parse (D:\proj\e-evkin-modern\node_modules\pg-protocol\src\parser.ts:102:30)
            at Socket.<anonymous> (D:\proj\e-evkin-modern\node_modules\pg-protocol\src\index.ts:7:48)
            at Socket.emit (node:events:508:28)
            at addChunk (node:internal/streams/readable:559:12)
            at readableAddChunkPushByteMode (node:internal/streams/readable:510:3)
            at Socket.Readable.push (node:internal/streams/readable:390:5)
            at TCP.onStreamRead (node:internal/stream_base_commons:189:23) {
          length: 191,
          severity: 'ERROR',
          code: '23505',
          detail: 'Key (id_satuan)=(19) already exists.',
          hint: undefined,
          position: undefined,
          internalPosition: undefined,
          internalQuery: undefined,
          where: undefined,
          schema: 'public',
          table: 'satuan',
          column: undefined,
          dataType: undefined,
          constraint: 'satuan_pkey',
          file: 'nbtinsert.c',
          line: '673',
          routine: '_bt_check_unique',
          sql: 'INSERT INTO "satuan" ("id_satuan","satuannya","created_at","updated_at") VALUES (DEFAULT,$1,$2,$3) RETURNING "id_satuan","satuannya","created_at","updated_at";',
          parameters: [
            'Test Satuan 1767751315859',
            '2026-01-07 02:01:55.865 +00:00',
            '2026-01-07 02:01:55.865 +00:00'
          ]
        },
        fields: { id_satuan: '19' },
        sql: 'INSERT INTO "satuan" ("id_satuan","satuannya","created_at","updated_at") VALUES (DEFAULT,$1,$2,$3) RETURNING "id_satuan","satuannya","created_at","updated_at";'
      }

      27 |   }
      28 |
    > 29 |   console.error('ERROR ≡ƒÆÑ:', err);
         |           ^
      30 |   
      31 |   return res.status(500).json({
      32 |     status: 'error',

      at errorHandler (src/middleware/errorHandler.ts:29:11)
      at newFn (../node_modules/express-async-errors/index.js:16:20)
      at Layer.handle_error (../node_modules/express/lib/router/layer.js:71:5)
      at trim_prefix (../node_modules/express/lib/router/index.js:326:13)
      at ../node_modules/express/lib/router/index.js:286:9
      at router.process_params (../node_modules/express/lib/router/index.js:346:12)
      at next (../node_modules/express/lib/router/index.js:280:10)
      at ../node_modules/express/lib/router/index.js:646:15
      at next (../node_modules/express/lib/router/index.js:265:14)
      at next (../node_modules/express/lib/router/route.js:141:14)
      at src/routes/masterdata.routes.ts:56:12

FAIL src/__tests__/middleware/auth.test.ts
  ΓùÅ Console

    console.log
      Warning: Cannot polyfill `DOMMatrix`, rendering may be broken: "Error: The module '\\?\D:\proj\e-evkin-modern\node_modules\canvas\build\Release\canvas.node'
      was compiled against a different Node.js version using
      NODE_MODULE_VERSION 108. This version of Node.js requires
      NODE_MODULE_VERSION 137. Please try re-compiling or re-installing
      the module (for instance, using `npm rebuild` or `npm install`).".

      at log (node_modules/pdfjs-dist/legacy/build/webpack:/pdfjs-dist/build/pdf/src/shared/util.js:367:13)

    console.log
      Warning: Cannot polyfill `Path2D`, rendering may be broken: "Error: The module '\\?\D:\proj\e-evkin-modern\node_modules\canvas\build\Release\canvas.node'
      was compiled against a different Node.js version using
      NODE_MODULE_VERSION 108. This version of Node.js requires
      NODE_MODULE_VERSION 137. Please try re-compiling or re-installing
      the module (for instance, using `npm rebuild` or `npm install`).".

      at log (node_modules/pdfjs-dist/legacy/build/webpack:/pdfjs-dist/build/pdf/src/shared/util.js:367:13)

    console.error
      Error fetching laporan: Error: 
          at Query.run (D:\proj\e-evkin-modern\node_modules\sequelize\src\dialects\postgres\query.js:76:25)
          at D:\proj\e-evkin-modern\node_modules\sequelize\src\sequelize.js:650:28
          at processTicksAndRejections (node:internal/process/task_queues:103:5)
          at PostgresQueryInterface.select (D:\proj\e-evkin-modern\node_modules\sequelize\src\dialects\abstract\query-interface.js:1001:12)
          at Laporan.findAll (D:\proj\e-evkin-modern\node_modules\sequelize\src\model.js:1824:21)
          at async Promise.all (index 1)
          at Laporan.findAndCountAll (D:\proj\e-evkin-modern\node_modules\sequelize\src\model.js:2183:27)
          at findAll (D:\proj\e-evkin-modern\backend\src\controllers\laporan.controller.ts:8:28) {
        name: 'SequelizeDatabaseError',
        parent: error: column "nan" does not exist
            at Parser.parseErrorMessage (D:\proj\e-evkin-modern\node_modules\pg-protocol\src\parser.ts:369:69)
            at Parser.handlePacket (D:\proj\e-evkin-modern\node_modules\pg-protocol\src\parser.ts:187:21)
            at Parser.parse (D:\proj\e-evkin-modern\node_modules\pg-protocol\src\parser.ts:102:30)
            at Socket.<anonymous> (D:\proj\e-evkin-modern\node_modules\pg-protocol\src\index.ts:7:48)
            at Socket.emit (node:events:508:28)
            at addChunk (node:internal/streams/readable:559:12)
            at readableAddChunkPushByteMode (node:internal/streams/readable:510:3)
            at Socket.Readable.push (node:internal/streams/readable:390:5)
            at TCP.onStreamRead (node:internal/stream_base_commons:189:23) {
          length: 105,
          severity: 'ERROR',
          code: '42703',
          detail: undefined,
          hint: undefined,
          position: '2073',
          internalPosition: undefined,
          internalQuery: undefined,
          where: undefined,
          schema: undefined,
          table: undefined,
          column: undefined,
          dataType: undefined,
          constraint: undefined,
          file: 'parse_relation.c',
          line: '3721',
          routine: 'errorMissingColumn',
          sql: `SELECT "Laporan"."id", "Laporan"."user_id", "Laporan"."bulan", "Laporan"."tahun", "Laporan"."id_kegiatan", "Laporan"."id_sub_kegiatan", "Laporan"."id_sumber_anggaran", "Laporan"."id_satuan", "Laporan"."target_k", "Laporan"."angkas", "Laporan"."target_rp", "Laporan"."target_angkas", "Laporan"."realisasi_k", "Laporan"."realisasi_rp", "Laporan"."realisasi_fisik", "Laporan"."permasalahan", "Laporan"."upaya", "Laporan"."status", "Laporan"."catatan", "Laporan"."verified_by", "Laporan"."verified_at", "Laporan"."created_at" AS "createdAt", "Laporan"."updated_at" AS "updatedAt", "user"."id" AS "user.id", "user"."username" AS "user.username", "user"."nama" AS "user.nama", "user"."nama_puskesmas" AS "user.nama_puskesmas", "sumberAnggaran"."id_sumber" AS "sumberAnggaran.id_sumber", "sumberAnggaran"."sumber" AS "sumberAnggaran.sumber", "satuan"."id_satuan" AS "satuan.id_satuan", "satuan"."satuannya" AS "satuan.satuannya", "subKegiatan"."id_sub_kegiatan" AS "subKegiatan.id_sub_kegiatan", "subKegiatan"."kode_sub" AS "subKegiatan.kode_sub", "subKegiatan"."kegiatan" AS "subKegiatan.kegiatan", "subKegiatan"."indikator_kinerja" AS "subKegiatan.indikator_kinerja", "subKegiatan->kegiatanParent"."id_kegiatan" AS "subKegiatan.kegiatanParent.id_kegiatan", "subKegiatan->kegiatanParent"."kode" AS "subKegiatan.kegiatanParent.kode", "subKegiatan->kegiatanParent"."kegiatan" AS "subKegiatan.kegiatanParent.kegiatan" FROM "laporan" AS "Laporan" LEFT OUTER JOIN "users" AS "user" ON "Laporan"."user_id" = "user"."id" LEFT OUTER JOIN "sumber_anggaran" AS "sumberAnggaran" ON "Laporan"."id_sumber_anggaran" = "sumberAnggaran"."id_sumber" LEFT OUTER JOIN "satuan" AS "satuan" ON "Laporan"."id_satuan" = "satuan"."id_satuan" LEFT OUTER JOIN "sub_kegiatan" AS "subKegiatan" ON "Laporan"."id_sub_kegiatan" = "subKegiatan"."id_sub_kegiatan" LEFT OUTER JOIN "kegiatan" AS "subKegiatan->kegiatanParent" ON "subKegiatan"."id_kegiatan" = "subKegiatan->kegiatanParent"."id_kegiatan" WHERE "Laporan"."user_id" = 'bbf904e4-2ab0-4a83-9ac8-461d406c4961' ORDER BY "createdAt" DESC LIMIT NaN OFFSET NaN;`,
          parameters: undefined
        },
        original: error: column "nan" does not exist
            at Parser.parseErrorMessage (D:\proj\e-evkin-modern\node_modules\pg-protocol\src\parser.ts:369:69)
            at Parser.handlePacket (D:\proj\e-evkin-modern\node_modules\pg-protocol\src\parser.ts:187:21)
            at Parser.parse (D:\proj\e-evkin-modern\node_modules\pg-protocol\src\parser.ts:102:30)
            at Socket.<anonymous> (D:\proj\e-evkin-modern\node_modules\pg-protocol\src\index.ts:7:48)
            at Socket.emit (node:events:508:28)
            at addChunk (node:internal/streams/readable:559:12)
            at readableAddChunkPushByteMode (node:internal/streams/readable:510:3)
            at Socket.Readable.push (node:internal/streams/readable:390:5)
            at TCP.onStreamRead (node:internal/stream_base_commons:189:23) {
          length: 105,
          severity: 'ERROR',
          code: '42703',
          detail: undefined,
          hint: undefined,
          position: '2073',
          internalPosition: undefined,
          internalQuery: undefined,
          where: undefined,
          schema: undefined,
          table: undefined,
          column: undefined,
          dataType: undefined,
          constraint: undefined,
          file: 'parse_relation.c',
          line: '3721',
          routine: 'errorMissingColumn',
          sql: `SELECT "Laporan"."id", "Laporan"."user_id", "Laporan"."bulan", "Laporan"."tahun", "Laporan"."id_kegiatan", "Laporan"."id_sub_kegiatan", "Laporan"."id_sumber_anggaran", "Laporan"."id_satuan", "Laporan"."target_k", "Laporan"."angkas", "Laporan"."target_rp", "Laporan"."target_angkas", "Laporan"."realisasi_k", "Laporan"."realisasi_rp", "Laporan"."realisasi_fisik", "Laporan"."permasalahan", "Laporan"."upaya", "Laporan"."status", "Laporan"."catatan", "Laporan"."verified_by", "Laporan"."verified_at", "Laporan"."created_at" AS "createdAt", "Laporan"."updated_at" AS "updatedAt", "user"."id" AS "user.id", "user"."username" AS "user.username", "user"."nama" AS "user.nama", "user"."nama_puskesmas" AS "user.nama_puskesmas", "sumberAnggaran"."id_sumber" AS "sumberAnggaran.id_sumber", "sumberAnggaran"."sumber" AS "sumberAnggaran.sumber", "satuan"."id_satuan" AS "satuan.id_satuan", "satuan"."satuannya" AS "satuan.satuannya", "subKegiatan"."id_sub_kegiatan" AS "subKegiatan.id_sub_kegiatan", "subKegiatan"."kode_sub" AS "subKegiatan.kode_sub", "subKegiatan"."kegiatan" AS "subKegiatan.kegiatan", "subKegiatan"."indikator_kinerja" AS "subKegiatan.indikator_kinerja", "subKegiatan->kegiatanParent"."id_kegiatan" AS "subKegiatan.kegiatanParent.id_kegiatan", "subKegiatan->kegiatanParent"."kode" AS "subKegiatan.kegiatanParent.kode", "subKegiatan->kegiatanParent"."kegiatan" AS "subKegiatan.kegiatanParent.kegiatan" FROM "laporan" AS "Laporan" LEFT OUTER JOIN "users" AS "user" ON "Laporan"."user_id" = "user"."id" LEFT OUTER JOIN "sumber_anggaran" AS "sumberAnggaran" ON "Laporan"."id_sumber_anggaran" = "sumberAnggaran"."id_sumber" LEFT OUTER JOIN "satuan" AS "satuan" ON "Laporan"."id_satuan" = "satuan"."id_satuan" LEFT OUTER JOIN "sub_kegiatan" AS "subKegiatan" ON "Laporan"."id_sub_kegiatan" = "subKegiatan"."id_sub_kegiatan" LEFT OUTER JOIN "kegiatan" AS "subKegiatan->kegiatanParent" ON "subKegiatan"."id_kegiatan" = "subKegiatan->kegiatanParent"."id_kegiatan" WHERE "Laporan"."user_id" = 'bbf904e4-2ab0-4a83-9ac8-461d406c4961' ORDER BY "createdAt" DESC LIMIT NaN OFFSET NaN;`,
          parameters: undefined
        },
        sql: `SELECT "Laporan"."id", "Laporan"."user_id", "Laporan"."bulan", "Laporan"."tahun", "Laporan"."id_kegiatan", "Laporan"."id_sub_kegiatan", "Laporan"."id_sumber_anggaran", "Laporan"."id_satuan", "Laporan"."target_k", "Laporan"."angkas", "Laporan"."target_rp", "Laporan"."target_angkas", "Laporan"."realisasi_k", "Laporan"."realisasi_rp", "Laporan"."realisasi_fisik", "Laporan"."permasalahan", "Laporan"."upaya", "Laporan"."status", "Laporan"."catatan", "Laporan"."verified_by", "Laporan"."verified_at", "Laporan"."created_at" AS "createdAt", "Laporan"."updated_at" AS "updatedAt", "user"."id" AS "user.id", "user"."username" AS "user.username", "user"."nama" AS "user.nama", "user"."nama_puskesmas" AS "user.nama_puskesmas", "sumberAnggaran"."id_sumber" AS "sumberAnggaran.id_sumber", "sumberAnggaran"."sumber" AS "sumberAnggaran.sumber", "satuan"."id_satuan" AS "satuan.id_satuan", "satuan"."satuannya" AS "satuan.satuannya", "subKegiatan"."id_sub_kegiatan" AS "subKegiatan.id_sub_kegiatan", "subKegiatan"."kode_sub" AS "subKegiatan.kode_sub", "subKegiatan"."kegiatan" AS "subKegiatan.kegiatan", "subKegiatan"."indikator_kinerja" AS "subKegiatan.indikator_kinerja", "subKegiatan->kegiatanParent"."id_kegiatan" AS "subKegiatan.kegiatanParent.id_kegiatan", "subKegiatan->kegiatanParent"."kode" AS "subKegiatan.kegiatanParent.kode", "subKegiatan->kegiatanParent"."kegiatan" AS "subKegiatan.kegiatanParent.kegiatan" FROM "laporan" AS "Laporan" LEFT OUTER JOIN "users" AS "user" ON "Laporan"."user_id" = "user"."id" LEFT OUTER JOIN "sumber_anggaran" AS "sumberAnggaran" ON "Laporan"."id_sumber_anggaran" = "sumberAnggaran"."id_sumber" LEFT OUTER JOIN "satuan" AS "satuan" ON "Laporan"."id_satuan" = "satuan"."id_satuan" LEFT OUTER JOIN "sub_kegiatan" AS "subKegiatan" ON "Laporan"."id_sub_kegiatan" = "subKegiatan"."id_sub_kegiatan" LEFT OUTER JOIN "kegiatan" AS "subKegiatan->kegiatanParent" ON "subKegiatan"."id_kegiatan" = "subKegiatan->kegiatanParent"."id_kegiatan" WHERE "Laporan"."user_id" = 'bbf904e4-2ab0-4a83-9ac8-461d406c4961' ORDER BY "createdAt" DESC LIMIT NaN OFFSET NaN;`,
        parameters: {}
      }

      28 |             });
      29 |         } catch (error: any) {
    > 30 |             console.error('Error fetching laporan:', error);
         |                     ^
      31 |             res.status(500).json({ error: 'Failed to fetch laporan', message: error.message });
      32 |         }
      33 |     }

      at findAll (src/controllers/laporan.controller.ts:30:21)

  ΓùÅ Authentication Middleware Tests ΓÇ║ Protected Routes ΓÇ║ should allow access with valid token

    expect(received).toBe(expected) // Object.is equality

    Expected: 200
    Received: 500

      63 |         .set('Authorization', `Bearer ${validToken}`);
      64 |
    > 65 |       expect(response.status).toBe(200);
         |                               ^
      66 |     });
      67 |
      68 |     it('should deny access with malformed Authorization header', async () => {

      at Object.<anonymous> (src/__tests__/middleware/auth.test.ts:65:31)

A worker process has failed to exit gracefully and has been force exited. This is likely caused by tests leaking due to improper teardown. Try running with --detectOpenHandles to find leaks. Active timers can also cause this, ensure that .unref() was called on them.
Test Suites: 4 failed, 2 passed, 6 total
Tests:       17 failed, 94 passed, 111 total
Snapshots:   0 total
Time:        46.461 s
Ran all test suites.
npm error Lifecycle script `test` failed with error:
npm error code 1
npm error path D:\proj\e-evkin-modern\backend
npm error workspace backend@1.0.0
npm error location D:\proj\e-evkin-modern\backend
npm error command failed
npm error command C:\WINDOWS\system32\cmd.exe /d /s /c jest
