ts-jest[config] (WARN) 
    The "ts-jest" config option "isolatedModules" is deprecated and will be removed in v30.0.0. Please use "isolatedModules: true" in D:/proj/e-evkin-modern/backend/tsconfig.json instead, see https://www.typescriptlang.org/tsconfig/#isolatedModules
  
ts-jest[config] (WARN) 
    The "ts-jest" config option "isolatedModules" is deprecated and will be removed in v30.0.0. Please use "isolatedModules: true" in D:/proj/e-evkin-modern/backend/tsconfig.json instead, see https://www.typescriptlang.org/tsconfig/#isolatedModules
  
ts-jest[config] (WARN) 
    The "ts-jest" config option "isolatedModules" is deprecated and will be removed in v30.0.0. Please use "isolatedModules: true" in D:/proj/e-evkin-modern/backend/tsconfig.json instead, see https://www.typescriptlang.org/tsconfig/#isolatedModules
  
FAIL src/__tests__/routes/admin.test.ts (7.165 s)
  Admin Routes Security Tests
    GET /api/admin/verifikasi - Admin Verification List
      ΓêÜ should return 401 without token (47 ms)
      ΓêÜ should return 403 for puskesmas user (15 ms)
      ΓêÜ should allow admin access (71 ms)
      ΓêÜ should support pagination (25 ms)
      ΓêÜ should support filtering by puskesmas (20 ms)
    GET /api/admin/laporan/:userId/:bulan/:tahun - Admin Laporan Detail
      ΓêÜ should return 401 without token (7 ms)
      ΓêÜ should return 403 for puskesmas user (8 ms)
      ΓêÜ should allow admin access (17 ms)
    PUT /api/admin/laporan/:id/verify - Verify Single Laporan
      ├ù should return 401 without token (34 ms)
      ├ù should return 403 for puskesmas user (9 ms)
      ├ù should require valid status (228 ms)
    POST /api/admin/laporan/bulk-verify - Bulk Verify
      ├ù should return 401 without token (65 ms)
      ├ù should return 403 for puskesmas user (30 ms)
      ├ù should require all fields (14 ms)

  ΓùÅ Admin Routes Security Tests ΓÇ║ PUT /api/admin/laporan/:id/verify - Verify Single Laporan ΓÇ║ should return 401 without token

    expect(received).toBe(expected) // Object.is equality

    Expected: 401
    Received: 404

      106 |         .send({ status: 'diverifikasi' });
      107 |       
    > 108 |       expect(response.status).toBe(401);
          |                               ^
      109 |     });
      110 |
      111 |     it('should return 403 for puskesmas user', async () => {

      at Object.<anonymous> (src/__tests__/routes/admin.test.ts:108:31)

  ΓùÅ Admin Routes Security Tests ΓÇ║ PUT /api/admin/laporan/:id/verify - Verify Single Laporan ΓÇ║ should return 403 for puskesmas user

    expect(received).toBe(expected) // Object.is equality

    Expected: 403
    Received: 404

      115 |         .send({ status: 'diverifikasi' });
      116 |
    > 117 |       expect(response.status).toBe(403);
          |                               ^
      118 |     });
      119 |
      120 |     it('should require valid status', async () => {

      at Object.<anonymous> (src/__tests__/routes/admin.test.ts:117:31)

  ΓùÅ Admin Routes Security Tests ΓÇ║ PUT /api/admin/laporan/:id/verify - Verify Single Laporan ΓÇ║ should require valid status

    expect(received).toBe(expected) // Object.is equality

    Expected: 400
    Received: 404

      124 |         .send({ status: 'invalid-status' });
      125 |
    > 126 |       expect(response.status).toBe(400);
          |                               ^
      127 |     });
      128 |   });
      129 |

      at Object.<anonymous> (src/__tests__/routes/admin.test.ts:126:31)

  ΓùÅ Admin Routes Security Tests ΓÇ║ POST /api/admin/laporan/bulk-verify - Bulk Verify ΓÇ║ should return 401 without token

    expect(received).toBe(expected) // Object.is equality

    Expected: 401
    Received: 404

      139 |         });
      140 |       
    > 141 |       expect(response.status).toBe(401);
          |                               ^
      142 |     });
      143 |
      144 |     it('should return 403 for puskesmas user', async () => {

      at Object.<anonymous> (src/__tests__/routes/admin.test.ts:141:31)

  ΓùÅ Admin Routes Security Tests ΓÇ║ POST /api/admin/laporan/bulk-verify - Bulk Verify ΓÇ║ should return 403 for puskesmas user

    expect(received).toBe(expected) // Object.is equality

    Expected: 403
    Received: 404

      153 |         });
      154 |
    > 155 |       expect(response.status).toBe(403);
          |                               ^
      156 |     });
      157 |
      158 |     it('should require all fields', async () => {

      at Object.<anonymous> (src/__tests__/routes/admin.test.ts:155:31)

  ΓùÅ Admin Routes Security Tests ΓÇ║ POST /api/admin/laporan/bulk-verify - Bulk Verify ΓÇ║ should require all fields

    expect(received).toBe(expected) // Object.is equality

    Expected: 400
    Received: 404

      165 |         });
      166 |
    > 167 |       expect(response.status).toBe(400);
          |                               ^
      168 |     });
      169 |   });
      170 | });

      at Object.<anonymous> (src/__tests__/routes/admin.test.ts:167:31)

FAIL src/__tests__/routes/laporan.test.ts (7.765 s)
  Laporan Routes Security Tests
    GET /api/laporan - List Laporan
      ΓêÜ should return 401 without token (60 ms)
      ΓêÜ should return only own laporan for puskesmas user (252 ms)
      ΓêÜ should allow admin to see all laporan (66 ms)
      ΓêÜ should filter by user_id for admin (64 ms)
    GET /api/laporan/:id - Get Single Laporan
      ΓêÜ should return 401 without token (41 ms)
      ΓêÜ should allow puskesmas to access own laporan (123 ms)
      ΓêÜ should deny puskesmas access to other puskesmas laporan (14 ms)
      ΓêÜ should allow admin to access any laporan (15 ms)
    POST /api/laporan - Create Laporan
      ΓêÜ should return 401 without token (34 ms)
      ΓêÜ should create laporan with auto user_id for puskesmas (97 ms)
      ΓêÜ should not allow puskesmas to create laporan for other user (17 ms)
    PUT /api/laporan/:id - Update Laporan
      ΓêÜ should return 401 without token (7 ms)
      ΓêÜ should allow puskesmas to update own laporan (14 ms)
      ΓêÜ should deny puskesmas update to other puskesmas laporan (9 ms)
      ├ù should allow admin to update any laporan (14 ms)
    DELETE /api/laporan/:id - Delete Laporan
      ΓêÜ should return 401 without token (18 ms)
      ΓêÜ should allow puskesmas to delete own laporan (20 ms)
      ΓêÜ should deny puskesmas delete to other puskesmas laporan (14 ms)
      ΓêÜ should allow admin to delete any laporan (16 ms)
    POST /api/laporan/submit - Submit Laporan
      ΓêÜ should return 401 without token (7 ms)
      ΓêÜ should use authenticated user_id for puskesmas (14 ms)
      ΓêÜ should not allow puskesmas to submit for other user (13 ms)
    Validation Tests - Realisasi vs Target
      POST /api/laporan/bulk-upsert - Validation
        ΓêÜ should reject if realisasi_k exceeds target_k (16 ms)
        ├ù should reject if realisasi_rp exceeds target_rp (15 ms)
        ΓêÜ should reject if no target exists for the combination (13 ms)
        ├ù should accept valid realisasi within target limits (16 ms)
        ΓêÜ should auto-fill id_kegiatan from SubKegiatan (18 ms)
      PUT /api/laporan/:id - Validation
        ├ù should reject update if realisasi_k exceeds target (15 ms)
        ├ù should reject update if target not found (18 ms)

  ΓùÅ Laporan Routes Security Tests ΓÇ║ PUT /api/laporan/:id - Update Laporan ΓÇ║ should allow admin to update any laporan

    expect(received).toBe(expected) // Object.is equality

    Expected: 200
    Received: 400

      282 |         .send({ target_k: 777 });
      283 |
    > 284 |       expect(response.status).toBe(200);
          |                               ^
      285 |     });
      286 |   });
      287 |

      at Object.<anonymous> (src/__tests__/routes/laporan.test.ts:284:31)

  ΓùÅ Laporan Routes Security Tests ΓÇ║ Validation Tests - Realisasi vs Target ΓÇ║ POST /api/laporan/bulk-upsert - Validation ΓÇ║ should reject if realisasi_rp exceeds target_rp

    expect(received).toBeGreaterThan(expected)

    Expected: > 0
    Received:   0

      483 |
      484 |         expect(response.status).toBe(200);
    > 485 |         expect(response.body.results.skipped).toBeGreaterThan(0);
          |                                               ^
      486 |         expect(response.body.results.errors.length).toBeGreaterThan(0);
      487 |         expect(response.body.results.errors[0]).toContain('melebihi target');
      488 |       });

      at Object.<anonymous> (src/__tests__/routes/laporan.test.ts:485:47)

  ΓùÅ Laporan Routes Security Tests ΓÇ║ Validation Tests - Realisasi vs Target ΓÇ║ POST /api/laporan/bulk-upsert - Validation ΓÇ║ should accept valid realisasi within target limits

    expect(received).toBeGreaterThanOrEqual(expected)

    Expected: >= 1
    Received:    0

      537 |
      538 |         expect(response.status).toBe(200);
    > 539 |         expect(response.body.results.created + response.body.results.updated).toBeGreaterThanOrEqual(1);
          |                                                                               ^
      540 |         
      541 |         // Cleanup
      542 |         await Laporan.destroy({

      at Object.<anonymous> (src/__tests__/routes/laporan.test.ts:539:79)

  ΓùÅ Laporan Routes Security Tests ΓÇ║ Validation Tests - Realisasi vs Target ΓÇ║ PUT /api/laporan/:id - Validation ΓÇ║ should reject update if realisasi_k exceeds target

    expect(received).toBe(expected) // Object.is equality

    Expected: 400
    Received: 500

      640 |           });
      641 |
    > 642 |         expect(response.status).toBe(400);
          |                                 ^
      643 |         expect(response.body.error).toBe('Validation error');
      644 |       });
      645 |

      at Object.<anonymous> (src/__tests__/routes/laporan.test.ts:642:33)

  ΓùÅ Laporan Routes Security Tests ΓÇ║ Validation Tests - Realisasi vs Target ΓÇ║ PUT /api/laporan/:id - Validation ΓÇ║ should reject update if target not found

    expect(received).toBe(expected) // Object.is equality

    Expected: "Target belum diset"
    Received: "Validation error"

      654 |
      655 |         expect(response.status).toBe(400);
    > 656 |         expect(response.body.error).toBe('Target belum diset');
          |                                     ^
      657 |       });
      658 |     });
      659 |   });

      at Object.<anonymous> (src/__tests__/routes/laporan.test.ts:656:37)

FAIL src/__tests__/routes/export.test.ts (7.781 s)
  Export Routes Security Tests
    GET /api/export/laporan - Puskesmas Export
      ΓêÜ should return 401 without token (48 ms)
      ΓêÜ should export only own data for puskesmas (478 ms)
      ΓêÜ should not export other puskesmas data (63 ms)
      ├ù should require bulan and tahun (17 ms)
    GET /api/export/admin/laporan - Admin Export
      ΓêÜ should return 401 without token (8 ms)
      ΓêÜ should return 403 for puskesmas user (9 ms)
      ΓêÜ should allow admin export (332 ms)
      ΓêÜ should support optional bulan filter (113 ms)
      ├ù should require tahun parameter (31 ms)

  ΓùÅ Export Routes Security Tests ΓÇ║ GET /api/export/laporan - Puskesmas Export ΓÇ║ should require bulan and tahun

    expect(received).toBe(expected) // Object.is equality

    Expected: 200
    Received: 404

      78 |
      79 |       // Should succeed with defaults (current year, no bulan filter)
    > 80 |       expect(response.status).toBe(200);
         |                               ^
      81 |       expect(response.headers['content-type']).toContain('spreadsheet');
      82 |     });
      83 |   });

      at Object.<anonymous> (src/__tests__/routes/export.test.ts:80:31)

  ΓùÅ Export Routes Security Tests ΓÇ║ GET /api/export/admin/laporan - Admin Export ΓÇ║ should require tahun parameter

    expect(received).toBe(expected) // Object.is equality

    Expected: 200
    Received: 404

      125 |
      126 |       // Should succeed with default tahun
    > 127 |       expect(response.status).toBe(200);
          |                               ^
      128 |       expect(response.headers['content-type']).toContain('spreadsheet');
      129 |     });
      130 |   });

      at Object.<anonymous> (src/__tests__/routes/export.test.ts:127:31)

  console.error
    Auth verification error: TokenExpiredError {
      name: 'TokenExpiredError',
      message: 'jwt expired',
      expiredAt: 2026-01-07T02:22:54.000Z
    }

    [0m [90m 84 |[39m     })[33m;[39m
     [90m 85 |[39m   } [36mcatch[39m (error[33m:[39m any) {
    [31m[1m>[22m[39m[90m 86 |[39m     console[33m.[39merror([32m'Auth verification error:'[39m[33m,[39m error)[33m;[39m
     [90m    |[39m             [31m[1m^[22m[39m
     [90m 87 |[39m     [36mreturn[39m res[33m.[39mstatus([35m401[39m)[33m.[39mjson({ error[33m:[39m [32m'Invalid or expired token'[39m })[33m;[39m
     [90m 88 |[39m   }
     [90m 89 |[39m })[33m;[39m[0m

      at src/routes/auth.routes.ts:86:13
      at newFn (../node_modules/express-async-errors/index.js:16:20)
      at Layer.handle [as handle_request] (../node_modules/express/lib/router/layer.js:95:5)
      at next (../node_modules/express/lib/router/route.js:149:13)
      at Route.dispatch (../node_modules/express/lib/router/route.js:119:3)
      at newFn (../node_modules/express-async-errors/index.js:16:20)
      at Layer.handle [as handle_request] (../node_modules/express/lib/router/layer.js:95:5)
      at ../node_modules/express/lib/router/index.js:284:15
      at router.process_params (../node_modules/express/lib/router/index.js:346:12)
      at next (../node_modules/express/lib/router/index.js:280:10)
      at router.handle (../node_modules/express/lib/router/index.js:175:3)
      at router (../node_modules/express/lib/router/index.js:47:12)
      at newFn (../node_modules/express-async-errors/index.js:16:20)
      at Layer.handle [as handle_request] (../node_modules/express/lib/router/layer.js:95:5)
      at trim_prefix (../node_modules/express/lib/router/index.js:328:13)
      at ../node_modules/express/lib/router/index.js:286:9
      at router.process_params (../node_modules/express/lib/router/index.js:346:12)
      at next (../node_modules/express/lib/router/index.js:280:10)
      at compression (../node_modules/compression/index.js:243:5)
      at newFn (../node_modules/express-async-errors/index.js:16:20)
      at Layer.handle [as handle_request] (../node_modules/express/lib/router/layer.js:95:5)
      at trim_prefix (../node_modules/express/lib/router/index.js:328:13)
      at ../node_modules/express/lib/router/index.js:286:9
      at router.process_params (../node_modules/express/lib/router/index.js:346:12)
      at next (../node_modules/express/lib/router/index.js:280:10)
      at cookieParser (../node_modules/cookie-parser/index.js:57:14)
      at newFn (../node_modules/express-async-errors/index.js:16:20)
      at Layer.handle [as handle_request] (../node_modules/express/lib/router/layer.js:95:5)
      at trim_prefix (../node_modules/express/lib/router/index.js:328:13)
      at ../node_modules/express/lib/router/index.js:286:9
      at router.process_params (../node_modules/express/lib/router/index.js:346:12)
      at next (../node_modules/express/lib/router/index.js:280:10)
      at urlencodedParser (../node_modules/body-parser/lib/types/urlencoded.js:91:7)
      at newFn (../node_modules/express-async-errors/index.js:16:20)
      at Layer.handle [as handle_request] (../node_modules/express/lib/router/layer.js:95:5)
      at trim_prefix (../node_modules/express/lib/router/index.js:328:13)
      at ../node_modules/express/lib/router/index.js:286:9
      at router.process_params (../node_modules/express/lib/router/index.js:346:12)
      at next (../node_modules/express/lib/router/index.js:280:10)
      at jsonParser (../node_modules/body-parser/lib/types/json.js:113:7)
      at newFn (../node_modules/express-async-errors/index.js:16:20)
      at Layer.handle [as handle_request] (../node_modules/express/lib/router/layer.js:95:5)
      at trim_prefix (../node_modules/express/lib/router/index.js:328:13)
      at ../node_modules/express/lib/router/index.js:286:9
      at router.process_params (../node_modules/express/lib/router/index.js:346:12)
      at next (../node_modules/express/lib/router/index.js:280:10)
      at ../node_modules/express-rate-limit/dist/index.cjs:807:7
      at ../node_modules/express-rate-limit/dist/index.cjs:691:5

PASS src/__tests__/routes/auth.e2e.test.ts
  Authentication E2E Tests
    POST /api/auth/login
      ΓêÜ should return 400 for missing credentials (34 ms)
      ΓêÜ should return 401 for invalid credentials (47 ms)
    GET /api/auth/me
      ΓêÜ should return 401 without token (8 ms)
      ΓêÜ should return user data with valid token (12 ms)
      ΓêÜ should return 401 with expired token (287 ms)
    POST /api/auth/logout
      ΓêÜ should successfully logout (14 ms)

FAIL src/__tests__/routes/laporan.e2e.test.ts
  Laporan CRUD E2E Tests
    GET /api/laporan - List Laporan
      ΓêÜ should return 401 without token (9 ms)
      ΓêÜ should return laporan list for puskesmas user (88 ms)
      ΓêÜ should support pagination (72 ms)
      ΓêÜ should filter by bulan and tahun (232 ms)
    GET /api/laporan/:id - Get Single Laporan
      ΓêÜ should return 401 without token (21 ms)
      ├ù should return laporan details for valid id (117 ms)
      ΓêÜ should return 404 for non-existent id (11 ms)
    PUT /api/laporan/:id - Update Laporan
      ΓêÜ should return 401 without token (13 ms)
      ΓêÜ should update laporan for owner (27 ms)
    Health Check
      ΓêÜ should return OK (6 ms)

  ΓùÅ Laporan CRUD E2E Tests ΓÇ║ GET /api/laporan/:id - Get Single Laporan ΓÇ║ should return laporan details for valid id

    expect(received).toBeDefined()

    Received: undefined

      93 |
      94 |             expect(response.status).toBe(200);
    > 95 |             expect(response.body.data).toBeDefined();
         |                                        ^
      96 |         });
      97 |
      98 |         it('should return 404 for non-existent id', async () => {

      at Object.<anonymous> (src/__tests__/routes/laporan.e2e.test.ts:95:40)

PASS src/__tests__/routes/laporan-validation.test.ts
  Laporan Validation Logic
    Realisasi vs Target Validation
      ΓêÜ should pass when realisasi_k equals target_k (2 ms)
      ΓêÜ should pass when realisasi_k is less than target_k (1 ms)
      ΓêÜ should fail when realisasi_k exceeds target_k (1 ms)
      ΓêÜ should pass when realisasi_rp equals target_rp (1 ms)
      ΓêÜ should pass when realisasi_rp is less than target_rp (1 ms)
      ΓêÜ should fail when realisasi_rp exceeds target_rp (1 ms)
      ΓêÜ should fail when both realisasi_k and realisasi_rp exceed targets (1 ms)
      ΓêÜ should handle zero values correctly (1 ms)
      ΓêÜ should handle edge case where target is zero (2 ms)
    Target Existence Validation
      ΓêÜ should pass when target exists
      ΓêÜ should fail when target is null
      ΓêÜ should fail when target is undefined
    Auto-fill id_kegiatan Logic
      ΓêÜ should use provided id_kegiatan if valid (1 ms)
      ΓêÜ should auto-fill from SubKegiatan when id_kegiatan is 0
      ΓêÜ should auto-fill from SubKegiatan when id_kegiatan is undefined
      ΓêÜ should return undefined when no SubKegiatan and no id_kegiatan (1 ms)
    Bulk Upsert Input Validation
      ΓêÜ should pass with valid input (1 ms)
      ΓêÜ should fail with missing id_sub_kegiatan (1 ms)
      ΓêÜ should fail with negative realisasi_k (1 ms)
      ΓêÜ should fail with missing bulan (1 ms)
      ΓêÜ should collect multiple errors (1 ms)
    UUID vs Number Type Consistency
      ΓêÜ should recognize UUID format
      ΓêÜ should reject number as UUID (1 ms)

FAIL src/__tests__/routes/masterdata.test.ts
  Master Data Routes Tests
    GET /api/masterdata/satuan
      ΓêÜ should return 401 without token (10 ms)
      ΓêÜ should allow authenticated puskesmas user to read (31 ms)
      ΓêÜ should allow admin to read satuan (18 ms)
    POST /api/masterdata/satuan
      ΓêÜ should return 401 without token (20 ms)
      ΓêÜ should return 403 for puskesmas user (16 ms)
      ΓêÜ should return 400 if satuannya is missing (11 ms)
      ΓêÜ should allow admin to create satuan (54 ms)
    PUT /api/masterdata/satuan/:id
      ΓêÜ should return 401 without token (10 ms)
      ΓêÜ should return 403 for puskesmas user (11 ms)
      ΓêÜ should return 404 for non-existent id (12 ms)
      ΓêÜ should allow admin to update satuan (14 ms)
    DELETE /api/masterdata/satuan/:id
      ΓêÜ should return 401 without token (8 ms)
      ΓêÜ should return 403 for puskesmas user (7 ms)
      ΓêÜ should return 404 for non-existent id (9 ms)
      ΓêÜ should allow admin to delete satuan (13 ms)
    GET /api/masterdata/sumber-anggaran
      ΓêÜ should return 401 without token (5 ms)
      ΓêÜ should allow authenticated puskesmas user to read (14 ms)
      ΓêÜ should allow admin to read sumber anggaran (12 ms)
    POST /api/masterdata/sumber-anggaran
      ΓêÜ should return 401 without token (6 ms)
      ΓêÜ should return 403 for puskesmas user (7 ms)
      ΓêÜ should return 400 if sumber is missing (15 ms)
      ΓêÜ should allow admin to create sumber anggaran (73 ms)
    PUT /api/masterdata/sumber-anggaran/:id
      ΓêÜ should return 401 without token (14 ms)
      ΓêÜ should return 403 for puskesmas user (13 ms)
      ├ù should return 404 for non-existent id (61 ms)
      ΓêÜ should allow admin to update sumber anggaran (17 ms)
    DELETE /api/masterdata/sumber-anggaran/:id
      ΓêÜ should return 401 without token (7 ms)
      ΓêÜ should return 403 for puskesmas user (17 ms)
      ΓêÜ should return 404 for non-existent id (10 ms)
      ΓêÜ should allow admin to delete sumber anggaran (15 ms)

  ΓùÅ Master Data Routes Tests ΓÇ║ PUT /api/masterdata/sumber-anggaran/:id ΓÇ║ should return 404 for non-existent id



      286 |
      287 |     beforeEach(async () => {
    > 288 |       testSumber = await SumberAnggaran.create({ 
          |                    ^
      289 |         id_sumber: 9001 + Math.floor(Math.random() * 1000),
      290 |         sumber: `Update Test ${Date.now()}` 
      291 |       });

      at Query.run (../node_modules/sequelize/src/dialects/postgres/query.js:76:25)
      at ../node_modules/sequelize/src/sequelize.js:650:28
      at PostgresQueryInterface.insert (../node_modules/sequelize/src/dialects/abstract/query-interface.js:795:21)
      at SumberAnggaran.save (../node_modules/sequelize/src/model.js:4154:35)
      at SumberAnggaran.create (../node_modules/sequelize/src/model.js:2305:12)
      at Object.<anonymous> (src/__tests__/routes/masterdata.test.ts:288:20)

PASS src/__tests__/routes/upload.e2e.test.ts
  Excel Upload E2E
    ΓêÜ should upload targets successfully via Excel (57 ms)

A worker process has failed to exit gracefully and has been force exited. This is likely caused by tests leaking due to improper teardown. Try running with --detectOpenHandles to find leaks. Active timers can also cause this, ensure that .unref() was called on them.
Test Suites: 5 failed, 3 passed, 8 total
Tests:       15 failed, 107 passed, 122 total
Snapshots:   0 total
Time:        14.308 s
Ran all test suites matching /routes/i.
